Multicore support not enabled. Proceeding with single-core trimming.
Path to Cutadapt set as: 'cutadapt' (default)
Cutadapt seems to be working fine (tested command 'cutadapt --version')
Cutadapt version: 5.2
single-core operation.
igzip command line interface 2.31.1
igzip detected. Using igzip for decompressing

No quality encoding type selected. Assuming that the data provided uses Sanger encoded Phred scores (default)



AUTO-DETECTING ADAPTER TYPE
===========================
Attempting to auto-detect adapter type from the first 1 million sequences of the first file (>> SRR6357070_1.fastq.gz <<)

Found perfect matches for the following adapter sequences:
Adapter type	Count	Sequence	Sequences analysed	Percentage
Illumina	1916	AGATCGGAAGAGC	50000	3.83
Nextera	0	CTGTCTCTTATA	50000	0.00
smallRNA	0	TGGAATTCTCGG	50000	0.00
Using Illumina adapter for trimming (count: 1916). Second best hit was Nextera (count: 0)

Writing report to 'SRR6357070_1.fastq.gz_trimming_report.txt'

SUMMARISING RUN PARAMETERS
==========================
Input filename: SRR6357070_1.fastq.gz
Trimming mode: single-end
Trim Galore version: 0.6.11
Cutadapt version: 5.2
Number of cores used for trimming: 1
Quality Phred score cutoff: 20
Quality encoding type selected: ASCII+33
Adapter sequence: 'AGATCGGAAGAGC' (Illumina TruSeq, Sanger iPCR; auto-detected)
Maximum trimming error rate: 0.1 (default)
Minimum required adapter overlap (stringency): 1 bp
Minimum required sequence length before a sequence gets removed: 20 bp
Output file(s) will be GZIP compressed

Cutadapt seems to be fairly up-to-date (version 5.2). Setting -j 1
Writing final adapter and quality trimmed output to SRR6357070_1_trimmed.fq.gz


  >>> Now performing quality (cutoff '-q 20') and adapter trimming in a single pass for the adapter sequence: 'AGATCGGAAGAGC' from file SRR6357070_1.fastq.gz <<< 
This is cutadapt 5.2 with Python 3.10.20
Command line parameters: -j 1 -e 0.1 -q 20 -O 1 -a AGATCGGAAGAGC SRR6357070_1.fastq.gz
Processing single-end reads on 1 core ...

=== Summary ===

Total reads processed:                  50,000
Reads with adapters:                    20,148 (40.3%)
Reads written (passing filters):        50,000 (100.0%)

Total basepairs processed:     5,050,000 bp
Quality-trimmed:                  13,402 bp (0.3%)
Total written (filtered):      4,954,410 bp (98.1%)

=== Adapter 1 ===

Sequence: AGATCGGAAGAGC; Type: regular 3'; Length: 13; Trimmed: 20148 times

Minimum overlap: 1
No. of allowed errors:
1-9 bp: 0; 10-13 bp: 1

Bases preceding removed adapters:
  A: 26.7%
  C: 24.8%
  G: 21.4%
  T: 27.1%
  none/other: 0.0%

Overview of removed sequences
length	count	expect	max.err	error counts
1	11785	12500.0	0	11785
2	3364	3125.0	0	3364
3	1003	781.2	0	1003
4	534	195.3	0	534
5	241	48.8	0	241
6	208	12.2	0	208
7	227	3.1	0	227
8	185	0.8	0	185
9	182	0.2	0	181 1
10	188	0.0	1	169 19
11	131	0.0	1	122 9
12	134	0.0	1	127 7
13	133	0.0	1	127 6
14	141	0.0	1	135 6
15	123	0.0	1	119 4
16	110	0.0	1	107 3
17	131	0.0	1	123 8
18	89	0.0	1	88 1
19	111	0.0	1	107 4
20	82	0.0	1	82
21	94	0.0	1	92 2
22	73	0.0	1	72 1
23	81	0.0	1	78 3
24	72	0.0	1	68 4
25	60	0.0	1	60
26	48	0.0	1	43 5
27	54	0.0	1	50 4
28	65	0.0	1	64 1
29	60	0.0	1	59 1
30	51	0.0	1	49 2
31	32	0.0	1	32
32	31	0.0	1	29 2
33	43	0.0	1	40 3
34	27	0.0	1	26 1
35	32	0.0	1	32
36	26	0.0	1	25 1
37	19	0.0	1	17 2
38	11	0.0	1	10 1
39	22	0.0	1	22
40	13	0.0	1	12 1
41	31	0.0	1	30 1
42	9	0.0	1	9
43	4	0.0	1	4
44	7	0.0	1	6 1
45	8	0.0	1	8
46	10	0.0	1	10
47	4	0.0	1	4
48	10	0.0	1	10
49	9	0.0	1	8 1
50	13	0.0	1	13
51	3	0.0	1	3
52	4	0.0	1	4
53	4	0.0	1	4
54	3	0.0	1	3
56	3	0.0	1	3
57	2	0.0	1	2
58	1	0.0	1	1
59	2	0.0	1	2
61	1	0.0	1	1
62	2	0.0	1	2
63	2	0.0	1	2

RUN STATISTICS FOR INPUT FILE: SRR6357070_1.fastq.gz
=============================================
50000 sequences processed in total
Sequences removed because they became shorter than the length cutoff of 20 bp:	31 (0.1%)

